{
 "cold_load_ms": 7812,
 "workloads": {
  "interactive_short": {
   "singleton": {
    "total_s": {
     "min": 0.604,
     "median": 0.673,
     "max": 0.777,
     "n": 3
    },
    "throughput_tok_s": {
     "min": 21.88,
     "median": 25.25,
     "max": 28.16,
     "n": 3
    },
    "first_segment_latency_median_s": {
     "min": 0.41000000000000003,
     "median": 0.4245,
     "max": 0.581,
     "n": 3
    }
   },
   "static-batch": {
    "total_s": {
     "min": 0.424,
     "median": 0.448,
     "max": 0.458,
     "n": 3
    },
    "throughput_tok_s": {
     "min": 37.14,
     "median": 37.97,
     "max": 40.07,
     "n": 3
    },
    "first_segment_latency_median_s": {
     "min": 0.40900000000000003,
     "median": 0.463,
     "max": 0.488,
     "n": 3
    }
   },
   "equal_fraction": 1.0
  },
  "mixed_length": {
   "singleton": {
    "total_s": {
     "min": 2.244,
     "median": 2.259,
     "max": 2.268,
     "n": 3
    },
    "throughput_tok_s": {
     "min": 78.92,
     "median": 79.25,
     "max": 79.76,
     "n": 3
    },
    "first_segment_latency_median_s": {
     "min": 0.6385000000000001,
     "median": 0.8825,
     "max": 1.0045,
     "n": 3
    }
   },
   "static-batch": {
    "total_s": {
     "min": 1.265,
     "median": 1.27,
     "max": 1.337,
     "n": 3
    },
    "throughput_tok_s": {
     "min": 107.73,
     "median": 113.37,
     "max": 113.84,
     "n": 3
    },
    "first_segment_latency_median_s": {
     "min": 0.8045,
     "median": 0.8320000000000001,
     "max": 0.8595,
     "n": 3
    }
   },
   "equal_fraction": 0.5
  }
 },
 "overload": {
  "worker_runs": 3,
  "total_s": 1.06,
  "batches": 3,
  "cancelled_before_start": true,
  "start_order_is_submission_order": true
 }
}
