....................................sssss.sss.........................../home/zhangd2/projects/metacoin/.venv-service/lib/python3.12/site-packages/pydantic_settings/sources/utils.py:47: IncompleteFieldDefinitionWarning: Field 'lifespan' has an incomplete definition: its annotation contains an unresolved forward reference, so settings sources may fail to correctly resolve its value. Call `model_rebuild()` on the model where the field is defined, once all the referenced types are defined.
  warnings.warn(
Processing request of type ListToolsRequest
Processing request of type ListResourcesRequest
Processing request of type ListResourceTemplatesRequest
Processing request of type CallToolRequest
Processing request of type CallToolRequest
Processing request of type CallToolRequest
Processing request of type CallToolRequest
Processing request of type CallToolRequest
Processing request of type CallToolRequest
Processing request of type CallToolRequest
Processing request of type CallToolRequest
Processing request of type ReadResourceRequest
Processing request of type CallToolRequest
Tool 'no_such_tool' not listed, no validation will be performed
/home/zhangd2/projects/metacoin/.venv-service/lib/python3.12/site-packages/pydantic_settings/sources/utils.py:47: IncompleteFieldDefinitionWarning: Field 'lifespan' has an incomplete definition: its annotation contains an unresolved forward reference, so settings sources may fail to correctly resolve its value. Call `model_rebuild()` on the model where the field is defined, once all the referenced types are defined.
  warnings.warn(
Processing request of type CallToolRequest
Processing request of type ListToolsRequest
Processing request of type CallToolRequest
Processing request of type CallToolRequest
/home/zhangd2/projects/metacoin/.venv-service/lib/python3.12/site-packages/pydantic_settings/sources/utils.py:47: IncompleteFieldDefinitionWarning: Field 'lifespan' has an incomplete definition: its annotation contains an unresolved forward reference, so settings sources may fail to correctly resolve its value. Call `model_rebuild()` on the model where the field is defined, once all the referenced types are defined.
  warnings.warn(
Processing request of type CallToolRequest
Processing request of type ListToolsRequest
Processing request of type ReadResourceRequest
/home/zhangd2/projects/metacoin/.venv-service/lib/python3.12/site-packages/pydantic_settings/sources/utils.py:47: IncompleteFieldDefinitionWarning: Field 'lifespan' has an incomplete definition: its annotation contains an unresolved forward reference, so settings sources may fail to correctly resolve its value. Call `model_rebuild()` on the model where the field is defined, once all the referenced types are defined.
  warnings.warn(
Processing request of type CallToolRequest
Processing request of type ListToolsRequest
Processing request of type CallToolRequest
Processing request of type CallToolRequest
Processing request of type CallToolRequest
Processing request of type CallToolRequest
Processing request of type CallToolRequest
...............................................................
----------------------------------------------------------------------
Ran 135 tests in 279.750s

OK (skipped=8)
exit 0
