..........................................sssss.sss.....................................................Processing request of type ListToolsRequest
Processing request of type ListResourcesRequest
Processing request of type ListResourceTemplatesRequest
Processing request of type CallToolRequest
Processing request of type CallToolRequest
Processing request of type CallToolRequest
Processing request of type CallToolRequest
Processing request of type CallToolRequest
Processing request of type CallToolRequest
Processing request of type CallToolRequest
Processing request of type CallToolRequest
Processing request of type ReadResourceRequest
Processing request of type CallToolRequest
Tool 'no_such_tool' not listed, no validation will be performed
Processing request of type CallToolRequest
Processing request of type ListToolsRequest
Processing request of type CallToolRequest
Processing request of type CallToolRequest
Processing request of type CallToolRequest
Processing request of type ListToolsRequest
Processing request of type ReadResourceRequest
Processing request of type CallToolRequest
Processing request of type ListToolsRequest
Processing request of type CallToolRequest
Processing request of type CallToolRequest
Processing request of type CallToolRequest
Processing request of type CallToolRequest
Processing request of type CallToolRequest
......................sssss...........................................................................................................HTTP Request: PUT http://testserver/api/v1/budgets/workspace "HTTP/1.1 200 OK"
HTTP Request: POST http://testserver/api/v1/work/providers "HTTP/1.1 201 Created"
HTTP Request: POST http://testserver/api/v1/work/providers "HTTP/1.1 201 Created"
HTTP Request: POST http://testserver/api/v1/work/terms "HTTP/1.1 201 Created"
HTTP Request: POST http://testserver/api/v1/work/terms/wt_52cf559d63e4c2ba/freeze "HTTP/1.1 200 OK"
HTTP Request: POST http://testserver/api/v1/work/requests "HTTP/1.1 201 Created"
HTTP Request: POST http://testserver/api/v1/work/requests/wr_7ad4a1392bbdf99e/open "HTTP/1.1 200 OK"
HTTP Request: POST http://testserver/api/v1/work/requests/wr_7ad4a1392bbdf99e/offers "HTTP/1.1 201 Created"
HTTP Request: POST http://testserver/api/v1/work/requests/wr_7ad4a1392bbdf99e/award "HTTP/1.1 201 Created"
HTTP Request: GET http://testserver/api/v1/work/notifications "HTTP/1.1 200 OK"
HTTP Request: GET http://testserver/api/v1/work/notifications "HTTP/1.1 200 OK"
HTTP Request: POST http://testserver/api/v1/work/notifications/nt_2679a3a0dd40/dismiss "HTTP/1.1 200 OK"
HTTP Request: GET http://testserver/api/v1/work/notifications "HTTP/1.1 200 OK"
HTTP Request: GET http://testserver/api/v1/work/notifications?all=1 "HTTP/1.1 200 OK"
HTTP Request: GET http://testserver/api/v1/work/notifications "HTTP/1.1 200 OK"
HTTP Request: GET http://testserver/api/v1/work/status "HTTP/1.1 200 OK"
HTTP Request: GET http://testserver/api/v1/status "HTTP/1.1 200 OK"
HTTP Request: GET http://testserver/api/metrics "HTTP/1.1 200 OK"
HTTP Request: GET http://testserver/api/v1/events?types=work.awarded,work.milestone_state "HTTP/1.1 200 OK"
HTTP Request: GET http://testserver/api/v1/work/measurements "HTTP/1.1 200 OK"
.HTTP Request: POST http://testserver/api/v1/work/terms "HTTP/1.1 201 Created"
HTTP Request: POST http://testserver/api/v1/work/terms/wt_f8903cd1bf70d1ae/freeze "HTTP/1.1 200 OK"
HTTP Request: POST http://testserver/api/v1/jobs "HTTP/1.1 202 Accepted"
HTTP Request: GET http://testserver/api/v1/jobs/j_f4e1df2f3aeca7a3 "HTTP/1.1 200 OK"
HTTP Request: POST http://testserver/api/v1/work/terms/wt_f8903cd1bf70d1ae/evaluate "HTTP/1.1 200 OK"
HTTP Request: POST http://testserver/api/v1/work/terms "HTTP/1.1 201 Created"
HTTP Request: POST http://testserver/api/v1/work/terms/wt_ab7378ea3ab610ea/freeze "HTTP/1.1 200 OK"
HTTP Request: POST http://testserver/api/v1/jobs "HTTP/1.1 202 Accepted"
HTTP Request: GET http://testserver/api/v1/jobs/j_f588eb7fedf5cad2 "HTTP/1.1 200 OK"
HTTP Request: POST http://testserver/api/v1/work/terms/wt_ab7378ea3ab610ea/evaluate "HTTP/1.1 200 OK"
HTTP Request: POST http://testserver/api/v1/work/terms "HTTP/1.1 201 Created"
HTTP Request: POST http://testserver/api/v1/work/terms/wt_9c24ec3804fa74dd/freeze "HTTP/1.1 200 OK"
HTTP Request: POST http://testserver/api/v1/work/terms/wt_9c24ec3804fa74dd/evaluate "HTTP/1.1 200 OK"
HTTP Request: POST http://testserver/api/v1/contracts "HTTP/1.1 201 Created"
HTTP Request: POST http://testserver/api/v1/contracts/ct_f72a7177d6e26069/freeze "HTTP/1.1 200 OK"
HTTP Request: POST http://testserver/api/v1/jobs "HTTP/1.1 202 Accepted"
HTTP Request: GET http://testserver/api/v1/jobs/j_82105604a784a692 "HTTP/1.1 200 OK"
HTTP Request: POST http://testserver/api/v1/work/terms/wt_9c24ec3804fa74dd/evaluate "HTTP/1.1 200 OK"
HTTP Request: POST http://testserver/api/v1/jobs "HTTP/1.1 202 Accepted"
HTTP Request: GET http://testserver/api/v1/jobs/j_6e87ac73339c9528 "HTTP/1.1 200 OK"
HTTP Request: POST http://testserver/api/v1/verification "HTTP/1.1 202 Accepted"
HTTP Request: GET http://testserver/api/v1/verification/vf_d594288e7b41 "HTTP/1.1 200 OK"
HTTP Request: GET http://testserver/api/v1/jobs/j_6e87ac73339c9528 "HTTP/1.1 200 OK"
HTTP Request: POST http://testserver/api/v1/work/terms "HTTP/1.1 201 Created"
HTTP Request: POST http://testserver/api/v1/work/terms/wt_d3d47068c8af5add/freeze "HTTP/1.1 200 OK"
HTTP Request: POST http://testserver/api/v1/jobs "HTTP/1.1 202 Accepted"
HTTP Request: GET http://testserver/api/v1/jobs/j_af58369322b2be55 "HTTP/1.1 200 OK"
HTTP Request: POST http://testserver/api/v1/verification "HTTP/1.1 202 Accepted"
HTTP Request: GET http://testserver/api/v1/verification/vf_0b46301222b9 "HTTP/1.1 200 OK"
HTTP Request: POST http://testserver/api/v1/work/terms/wt_d3d47068c8af5add/evaluate "HTTP/1.1 200 OK"
HTTP Request: POST http://testserver/api/v1/work/terms "HTTP/1.1 201 Created"
HTTP Request: POST http://testserver/api/v1/work/terms/wt_a39ed1c0d8d0090e/freeze "HTTP/1.1 200 OK"
HTTP Request: POST http://testserver/api/v1/jobs "HTTP/1.1 202 Accepted"
HTTP Request: GET http://testserver/api/v1/jobs/j_f7fdf59ae5cef9b9 "HTTP/1.1 200 OK"
HTTP Request: POST http://testserver/api/v1/verification "HTTP/1.1 202 Accepted"
HTTP Request: GET http://testserver/api/v1/verification/vf_c93b47c57dd0 "HTTP/1.1 200 OK"
HTTP Request: POST http://testserver/api/v1/work/terms/wt_a39ed1c0d8d0090e/evaluate "HTTP/1.1 200 OK"
HTTP Request: POST http://testserver/api/v1/work/terms "HTTP/1.1 201 Created"
HTTP Request: POST http://testserver/api/v1/work/terms/wt_24b87739386e9719/freeze "HTTP/1.1 200 OK"
HTTP Request: POST http://testserver/api/v1/jobs "HTTP/1.1 202 Accepted"
HTTP Request: GET http://testserver/api/v1/jobs/j_bbd7b6f2979d266a "HTTP/1.1 200 OK"
HTTP Request: POST http://testserver/api/v1/verification "HTTP/1.1 202 Accepted"
HTTP Request: GET http://testserver/api/v1/verification/vf_ccfa4d71b89a "HTTP/1.1 200 OK"
HTTP Request: POST http://testserver/api/v1/work/terms/wt_24b87739386e9719/evaluate "HTTP/1.1 200 OK"
HTTP Request: POST http://testserver/api/v1/work/terms "HTTP/1.1 201 Created"
HTTP Request: POST http://testserver/api/v1/work/terms/wt_fe24be6182e23e5e/freeze "HTTP/1.1 200 OK"
HTTP Request: POST http://testserver/api/v1/jobs "HTTP/1.1 202 Accepted"
HTTP Request: GET http://testserver/api/v1/jobs/j_db69407fdedf84ae "HTTP/1.1 200 OK"
HTTP Request: POST http://testserver/api/v1/verification "HTTP/1.1 202 Accepted"
HTTP Request: GET http://testserver/api/v1/verification/vf_2b6221666835 "HTTP/1.1 200 OK"
HTTP Request: POST http://testserver/api/v1/work/terms/wt_fe24be6182e23e5e/evaluate "HTTP/1.1 200 OK"
HTTP Request: POST http://testserver/api/v1/work/terms "HTTP/1.1 201 Created"
HTTP Request: POST http://testserver/api/v1/work/terms/wt_5c04fda5324b5ba6/freeze "HTTP/1.1 200 OK"
HTTP Request: POST http://testserver/api/v1/jobs "HTTP/1.1 202 Accepted"
HTTP Request: GET http://testserver/api/v1/jobs/j_31ca832b01f7d321 "HTTP/1.1 200 OK"
HTTP Request: POST http://testserver/api/v1/verification "HTTP/1.1 202 Accepted"
HTTP Request: GET http://testserver/api/v1/verification/vf_e782360e2769 "HTTP/1.1 200 OK"
HTTP Request: POST http://testserver/api/v1/work/terms/wt_5c04fda5324b5ba6/evaluate "HTTP/1.1 200 OK"
.HTTP Request: POST http://testserver/api/v1/work/terms "HTTP/1.1 201 Created"
HTTP Request: POST http://testserver/api/v1/work/terms/wt_bf53a7e8f2b0981e/freeze "HTTP/1.1 200 OK"
HTTP Request: POST http://testserver/api/v1/work/terms/wt_bf53a7e8f2b0981e/amend "HTTP/1.1 201 Created"
HTTP Request: POST http://testserver/api/v1/work/terms/wt_bf53a7e8f2b0981e/amend "HTTP/1.1 409 Conflict"
HTTP Request: POST http://testserver/api/v1/work/terms/wt_bf53a7e8f2b0981e/amend "HTTP/1.1 409 Conflict"
HTTP Request: POST http://testserver/api/v1/work/terms/wt_3f8ba237db015d44/freeze "HTTP/1.1 200 OK"
HTTP Request: GET http://testserver/api/v1/work/terms/wt_bf53a7e8f2b0981e "HTTP/1.1 200 OK"
HTTP Request: POST http://testserver/api/v1/jobs "HTTP/1.1 202 Accepted"
HTTP Request: GET http://testserver/api/v1/jobs/j_cac466ed81ecb22d "HTTP/1.1 200 OK"
HTTP Request: POST http://testserver/api/v1/work/terms/wt_3f8ba237db015d44/amend "HTTP/1.1 201 Created"
HTTP Request: GET http://testserver/api/v1/work/terms/wt_3f8ba237db015d44/compare/wt_f6589b378508f5d6 "HTTP/1.1 200 OK"
HTTP Request: POST http://testserver/api/v1/work/terms/wt_f6589b378508f5d6/withdraw "HTTP/1.1 200 OK"
HTTP Request: POST http://testserver/api/v1/work/terms/wt_3f8ba237db015d44/amend "HTTP/1.1 201 Created"
HTTP Request: POST http://testserver/api/v1/work/terms/wt_3f8ba237db015d44/evaluate "HTTP/1.1 200 OK"
.HTTP Request: POST http://testserver/api/v1/work/terms "HTTP/1.1 201 Created"
HTTP Request: POST http://testserver/api/v1/work/terms/wt_008e1ec0538c508e/freeze "HTTP/1.1 200 OK"
HTTP Request: POST http://testserver/api/v1/jobs "HTTP/1.1 202 Accepted"
HTTP Request: GET http://testserver/api/v1/jobs/j_d8084fe81f978b48 "HTTP/1.1 200 OK"
HTTP Request: POST http://testserver/api/v1/work/terms/wt_008e1ec0538c508e/evaluate "HTTP/1.1 200 OK"
.HTTP Request: POST http://testserver/api/v1/work/terms "HTTP/1.1 201 Created"
HTTP Request: POST http://testserver/api/v1/work/terms/wt_44ac4d8afd192687/freeze "HTTP/1.1 200 OK"
HTTP Request: POST http://testserver/api/v1/work/terms/wt_44ac4d8afd192687 "HTTP/1.1 409 Conflict"
HTTP Request: GET http://testserver/api/v1/work/terms/wt_44ac4d8afd192687 "HTTP/1.1 200 OK"
HTTP Request: GET http://testserver/api/v1/work/contracts/ct_ec071ce226a0aff5/upgrade-preview "HTTP/1.1 200 OK"
.HTTP Request: POST http://testserver/api/v1/work/terms "HTTP/1.1 201 Created"
HTTP Request: POST http://testserver/api/v1/work/terms/wt_0b3722e9e568ae55/freeze "HTTP/1.1 200 OK"
HTTP Request: POST http://testserver/api/v1/jobs "HTTP/1.1 202 Accepted"
HTTP Request: GET http://testserver/api/v1/jobs/j_76e3af35462a3bbd "HTTP/1.1 200 OK"
HTTP Request: POST http://testserver/api/v1/work/terms/wt_0b3722e9e568ae55/evaluate "HTTP/1.1 200 OK"
HTTP Request: POST http://testserver/api/v1/verification "HTTP/1.1 202 Accepted"
HTTP Request: GET http://testserver/api/v1/verification/vf_300762951827 "HTTP/1.1 200 OK"
HTTP Request: POST http://testserver/api/v1/work/terms/wt_0b3722e9e568ae55/evaluate "HTTP/1.1 200 OK"
HTTP Request: POST http://testserver/api/v1/work/terms "HTTP/1.1 201 Created"
HTTP Request: POST http://testserver/api/v1/work/terms/wt_bd92f87c459d0c7e/freeze "HTTP/1.1 200 OK"
HTTP Request: POST http://testserver/api/v1/jobs "HTTP/1.1 202 Accepted"
HTTP Request: GET http://testserver/api/v1/jobs/j_b68a458cd20d27a1 "HTTP/1.1 200 OK"
HTTP Request: POST http://testserver/api/v1/work/terms/wt_bd92f87c459d0c7e/evaluate "HTTP/1.1 200 OK"
HTTP Request: POST http://testserver/api/v1/verification "HTTP/1.1 202 Accepted"
HTTP Request: GET http://testserver/api/v1/verification/vf_f3f5c3c49ffe "HTTP/1.1 200 OK"
HTTP Request: POST http://testserver/api/v1/work/terms/wt_bd92f87c459d0c7e/evaluate "HTTP/1.1 200 OK"
HTTP Request: POST http://testserver/api/v1/work/terms "HTTP/1.1 201 Created"
HTTP Request: POST http://testserver/api/v1/work/terms/wt_6aac0b8c10928827/freeze "HTTP/1.1 200 OK"
HTTP Request: POST http://testserver/api/v1/jobs "HTTP/1.1 202 Accepted"
HTTP Request: GET http://testserver/api/v1/jobs/j_f6d81bb1663aaefa "HTTP/1.1 200 OK"
HTTP Request: POST http://testserver/api/v1/work/terms/wt_6aac0b8c10928827/evaluate "HTTP/1.1 200 OK"
HTTP Request: POST http://testserver/api/v1/contracts "HTTP/1.1 201 Created"
HTTP Request: POST http://testserver/api/v1/contracts/ct_03cba9135f55b931/freeze "HTTP/1.1 200 OK"
HTTP Request: POST http://testserver/api/v1/jobs "HTTP/1.1 202 Accepted"
HTTP Request: GET http://testserver/api/v1/jobs/j_4f28dcc6e50a02a1 "HTTP/1.1 200 OK"
HTTP Request: POST http://testserver/api/v1/work/terms/wt_6aac0b8c10928827/evaluate "HTTP/1.1 200 OK"
HTTP Request: POST http://testserver/api/v1/work/terms "HTTP/1.1 201 Created"
HTTP Request: POST http://testserver/api/v1/work/terms/wt_e97a6baa73f4d47a/freeze "HTTP/1.1 200 OK"
HTTP Request: POST http://testserver/api/v1/jobs "HTTP/1.1 202 Accepted"
HTTP Request: GET http://testserver/api/v1/jobs/j_a39eb6b73806f43f "HTTP/1.1 200 OK"
HTTP Request: POST http://testserver/api/v1/verification "HTTP/1.1 202 Accepted"
HTTP Request: GET http://testserver/api/v1/verification/vf_c368379ee591 "HTTP/1.1 200 OK"
HTTP Request: POST http://testserver/api/v1/work/terms/wt_e97a6baa73f4d47a/evaluate "HTTP/1.1 200 OK"
.HTTP Request: POST http://testserver/api/v1/work/terms "HTTP/1.1 201 Created"
HTTP Request: GET http://testserver/api/v1/work/terms/wt_5e8343f87ddd63ca/inspect "HTTP/1.1 200 OK"
HTTP Request: POST http://testserver/api/v1/work/terms/validate "HTTP/1.1 200 OK"
HTTP Request: POST http://testserver/api/v1/work/terms/validate "HTTP/1.1 200 OK"
HTTP Request: POST http://testserver/api/v1/work/terms/validate "HTTP/1.1 200 OK"
HTTP Request: POST http://testserver/api/v1/work/terms/validate "HTTP/1.1 200 OK"
HTTP Request: GET http://testserver/api/v1/work/terms/templates "HTTP/1.1 200 OK"
HTTP Request: POST http://testserver/api/v1/work/terms "HTTP/1.1 403 Forbidden"
HTTP Request: GET http://testserver/api/v1/work/terms/wt_5e8343f87ddd63ca "HTTP/1.1 200 OK"
.HTTP Request: POST http://testserver/api/v1/datasets "HTTP/1.1 201 Created"
HTTP Request: POST http://testserver/api/v1/workflows "HTTP/1.1 201 Created"
HTTP Request: POST http://testserver/api/v1/workflows/wf_2c122c1e28c1d765/runs "HTTP/1.1 202 Accepted"
HTTP Request: GET http://testserver/api/v1/runs/run_98dca35b5710fde4 "HTTP/1.1 200 OK"
HTTP Request: POST http://testserver/api/v1/runs/run_98dca35b5710fde4/cancel "HTTP/1.1 200 OK"
HTTP Request: POST http://testserver/api/v1/runs/run_98dca35b5710fde4/advance "HTTP/1.1 200 OK"
HTTP Request: POST http://testserver/api/v1/runs/run_98dca35b5710fde4/cancel "HTTP/1.1 409 Conflict"
HTTP Request: POST http://testserver/api/v1/workflows/wf_2c122c1e28c1d765/runs "HTTP/1.1 202 Accepted"
HTTP Request: POST http://testserver/api/v1/runs/run_0a28a10b4f42a973/advance "HTTP/1.1 200 OK"
HTTP Request: POST http://testserver/api/v1/runs/run_0a28a10b4f42a973/cancel "HTTP/1.1 200 OK"
HTTP Request: GET http://testserver/api/v1/runs/run_0a28a10b4f42a973 "HTTP/1.1 200 OK"
HTTP Request: GET http://testserver/api/v1/jobs/j_796a68500dd8b649/result "HTTP/1.1 200 OK"
HTTP Request: POST http://testserver/api/v1/workflows/wf_2c122c1e28c1d765/runs "HTTP/1.1 403 Forbidden"
.HTTP Request: POST http://testserver/api/v1/datasets "HTTP/1.1 201 Created"
HTTP Request: POST http://testserver/api/v1/workflows "HTTP/1.1 201 Created"
HTTP Request: POST http://testserver/api/v1/workflows "HTTP/1.1 200 OK"
HTTP Request: POST http://testserver/api/v1/workflows/wf_6ab3e0955b9410d8/runs "HTTP/1.1 200 OK"
HTTP Request: GET http://testserver/api/v1/runs "HTTP/1.1 200 OK"
HTTP Request: POST http://testserver/api/v1/workflows/wf_6ab3e0955b9410d8/runs "HTTP/1.1 202 Accepted"
HTTP Request: POST http://testserver/api/v1/runs/run_2085e7182a68c414/advance "HTTP/1.1 200 OK"
HTTP Request: GET http://testserver/api/v1/runs/run_2085e7182a68c414 "HTTP/1.1 200 OK"
HTTP Request: POST http://testserver/api/v1/reviews/j_59b20c1d19e34199/decision "HTTP/1.1 200 OK"
HTTP Request: POST http://testserver/api/v1/reviews/j_59b20c1d19e34199/decision "HTTP/1.1 200 OK"
HTTP Request: POST http://testserver/api/v1/runs/run_2085e7182a68c414/advance "HTTP/1.1 200 OK"
HTTP Request: GET http://testserver/api/v1/runs/run_2085e7182a68c414 "HTTP/1.1 200 OK"
HTTP Request: GET http://testserver/api/v1/artifacts/a_ff4fc5b37e282706a0eb193d/export "HTTP/1.1 200 OK"
HTTP Request: GET http://testserver/api/v1/runs/run_2085e7182a68c414 "HTTP/1.1 200 OK"
HTTP Request: GET http://testserver/api/v1/runs/run_2085e7182a68c414 "HTTP/1.1 200 OK"
HTTP Request: GET http://testserver/api/v1/lineage/workflow_run/run_2085e7182a68c414 "HTTP/1.1 200 OK"
.HTTP Request: POST http://testserver/api/v1/workflows "HTTP/1.1 201 Created"
HTTP Request: POST http://testserver/api/v1/workflows/wf_2b7a2c5c4493695a/runs "HTTP/1.1 202 Accepted"
HTTP Request: POST http://testserver/api/v1/runs/run_1e3426fcbf370438/advance "HTTP/1.1 200 OK"
HTTP Request: POST http://testserver/api/v1/runs/run_1e3426fcbf370438/advance "HTTP/1.1 200 OK"
HTTP Request: GET http://testserver/api/v1/runs/run_1e3426fcbf370438 "HTTP/1.1 200 OK"
HTTP Request: GET http://testserver/api/v1/contracts/ct_bc7dca5b1f2d62fc/inputs "HTTP/1.1 200 OK"
.HTTP Request: POST http://testserver/api/v1/datasets "HTTP/1.1 201 Created"
HTTP Request: POST http://testserver/api/v1/workflows "HTTP/1.1 201 Created"
HTTP Request: POST http://testserver/api/v1/workflows/wf_0990b2e5d87e0091/runs "HTTP/1.1 202 Accepted"
HTTP Request: POST http://testserver/api/v1/runs/run_af6f36930349aad4/advance "HTTP/1.1 200 OK"
HTTP Request: GET http://testserver/api/v1/runs/run_af6f36930349aad4 "HTTP/1.1 200 OK"
HTTP Request: GET http://testserver/api/v1/jobs/j_a8cea6874cceb1b3 "HTTP/1.1 200 OK"
HTTP Request: POST http://testserver/api/v1/reviews/j_a8cea6874cceb1b3/decision "HTTP/1.1 200 OK"
HTTP Request: POST http://testserver/api/v1/runs/run_af6f36930349aad4/advance "HTTP/1.1 200 OK"
HTTP Request: GET http://testserver/api/v1/runs/run_af6f36930349aad4 "HTTP/1.1 200 OK"
HTTP Request: POST http://testserver/api/v1/datasets "HTTP/1.1 201 Created"
HTTP Request: POST http://testserver/api/v1/workflows "HTTP/1.1 201 Created"
HTTP Request: POST http://testserver/api/v1/workflows/wf_7c035616613bd03e/runs "HTTP/1.1 202 Accepted"
HTTP Request: POST http://testserver/api/v1/runs/run_46e1edf31fa8634c/advance "HTTP/1.1 200 OK"
HTTP Request: GET http://testserver/api/v1/runs/run_46e1edf31fa8634c "HTTP/1.1 200 OK"
HTTP Request: POST http://testserver/api/v1/reviews/j_114d027607e5299c/decision "HTTP/1.1 200 OK"
HTTP Request: POST http://testserver/api/v1/runs/run_46e1edf31fa8634c/advance "HTTP/1.1 200 OK"
.HTTP Request: POST http://testserver/api/v1/workflows/validate "HTTP/1.1 422 Unprocessable Entity"
HTTP Request: POST http://testserver/api/v1/workflows/validate "HTTP/1.1 422 Unprocessable Entity"
HTTP Request: POST http://testserver/api/v1/workflows/validate "HTTP/1.1 422 Unprocessable Entity"
HTTP Request: POST http://testserver/api/v1/workflows/validate "HTTP/1.1 422 Unprocessable Entity"
HTTP Request: POST http://testserver/api/v1/workflows/validate "HTTP/1.1 422 Unprocessable Entity"
HTTP Request: POST http://testserver/api/v1/workflows/validate "HTTP/1.1 422 Unprocessable Entity"
HTTP Request: POST http://testserver/api/v1/workflows/validate "HTTP/1.1 422 Unprocessable Entity"
HTTP Request: POST http://testserver/api/v1/workflows/validate "HTTP/1.1 422 Unprocessable Entity"
HTTP Request: POST http://testserver/api/v1/workflows/validate "HTTP/1.1 422 Unprocessable Entity"
HTTP Request: POST http://testserver/api/v1/workflows/validate "HTTP/1.1 200 OK"
.
----------------------------------------------------------------------
Ran 250 tests in 516.187s

OK (skipped=13)
archive                ok
    no_duplicate_members                     ok 5
    safe_member_names                        ok ""
    no_symlink_members                       ok ""
    decompression_bounds                     ok {"uncompressed": 7338, "compressed": 3614, "max_total": 67108864, "max_ratio": 100}
manifest               ok
    schema                                   ok "metacoin-result-bundle/v1"
    structure                                ok ["delivery_policy", "delivery_state", "file_sha256", "issued_at", "issued_by", "issuer_key_id", "nodes", "operations", "package", "package_run_id", "run_id", "s
    canonical_encoding                       ok "manifest bytes are the canonical encoding of their content"
digests                ok
    file:files/plan/inputs.json              ok "digest matches"
    file:files/plan/summary.json             ok "digest matches"
    file:files/plan/witness.json             ok "digest matches"
    no_unlisted_files                        ok ""
    statement_binds_manifest                 ok "d3691edd643a4608"
signature              ok
    valid signature from a key the caller trusts: the issuing service produced this bundle
verification_records   ok
    verification:vf_defde7967b45             ok "statement signed by the same issuer key"
witness                ok
    witness:plan                             scope "disclosed inputs omit private fields, so the commitment cannot be re-derived byte-for-byte; the replay below uses the disclosed inputs"
    witness_replay:plan                      ok {"feasible": true, "objective": 12, "min_margin": 18000, "violations": []}
scope                  n/a
    this verifier checked archive safety, manifest structure, file digests, the issuer signature and the carried verification statements; the disclosed witness was replayed. Undisclosed inputs are not verified.
exit 0
